// Jest Snapshot v1, https://goo.gl/fbAQLP

exports[`The EpigramEditor component on an initial load matches the snapshot 1`] = `
<form>
  <div
    class="MuiPaper-root-2 MuiPaper-shadow2-6 MuiPaper-rounded-3 EpigramEditor-card-1"
  >
    <div
      class="MuiCardContent-root-35 MuiCardHeader-root-29"
    >
      <div
        class="MuiCardHeader-content-32"
      >
        <span
          class="MuiTypography-root-36 MuiTypography-headline-41 MuiCardHeader-title-33"
        >
          Propriétés
        </span>
      </div>
    </div>
    <div
      class="MuiCardContent-root-35"
    >
      <div
        class="MuiGrid-typeContainer-60 MuiGrid-spacing-xs-16-81"
      >
        <div
          class="MuiGrid-typeItem-61 MuiGrid-grid-sm-3-100"
        >
          <div
            class="MuiFormControl-root-149 MuiFormControl-marginNormal-150 MuiFormControl-fullWidth-152"
          >
            <label
              class="MuiFormLabel-root-159 MuiInputLabel-root-153 MuiInputLabel-formControl-154 MuiInputLabel-animated-157"
              data-shrink="false"
            >
              Auteur
            </label>
            <div
              class="MuiInput-root-163 MuiInput-formControl-164 MuiInput-inkbar-165 MuiInput-underline-169"
            >
              <input
                class="MuiInput-input-172 MuiInput-inputSingleline-175"
                name="author"
                type="text"
                value=""
              />
            </div>
          </div>
        </div>
        <div
          class="MuiGrid-typeItem-61 MuiGrid-grid-sm-3-100"
        >
          <div
            class="MuiFormControl-root-149 MuiFormControl-marginNormal-150 MuiFormControl-fullWidth-152"
          >
            <label
              class="MuiFormLabel-root-159 MuiInputLabel-root-153 MuiInputLabel-formControl-154 MuiInputLabel-animated-157"
              data-shrink="false"
            >
              Référence
            </label>
            <div
              class="MuiInput-root-163 MuiInput-formControl-164 MuiInput-inkbar-165 MuiInput-underline-169"
            >
              <input
                class="MuiInput-input-172 MuiInput-inputSingleline-175"
                name="reference"
                type="text"
                value=""
              />
            </div>
          </div>
        </div>
        <div
          class="MuiGrid-typeItem-61 MuiGrid-grid-sm-6-103"
        >
          <div
            class="MuiFormControl-root-149 MuiFormControl-marginNormal-150 MuiFormControl-fullWidth-152"
          >
            <label
              class="MuiFormLabel-root-159 MuiInputLabel-root-153 MuiInputLabel-formControl-154 MuiInputLabel-animated-157"
              data-shrink="false"
            >
              Titre
            </label>
            <div
              class="MuiInput-root-163 MuiInput-formControl-164 MuiInput-inkbar-165 MuiInput-underline-169"
            >
              <input
                class="MuiInput-input-172 MuiInput-inputSingleline-175"
                name="title"
                type="text"
                value=""
              />
            </div>
          </div>
        </div>
        <div
          class="MuiGrid-typeItem-61 MuiGrid-grid-sm-3-100"
        >
          <div
            class="MuiFormControl-root-149 MuiFormControl-marginNormal-150 MuiFormControl-fullWidth-152"
          >
            <label
              class="MuiFormLabel-root-159 MuiInputLabel-root-153 MuiInputLabel-formControl-154 MuiInputLabel-animated-157"
              data-shrink="false"
            >
              Mètre
            </label>
            <div
              class="MuiInput-root-163 MuiInput-formControl-164 MuiInput-inkbar-165 MuiInput-underline-169"
            >
              <input
                class="MuiInput-input-172 MuiInput-inputSingleline-175"
                name="meter"
                type="text"
                value=""
              />
            </div>
          </div>
        </div>
        <div
          class="MuiGrid-typeItem-61 MuiGrid-grid-sm-3-100"
        >
          <div
            class="MuiFormControl-root-149 MuiFormControl-marginNormal-150 MuiFormControl-fullWidth-152"
          >
            <label
              class="MuiFormLabel-root-159 MuiInputLabel-root-153 MuiInputLabel-formControl-154 MuiInputLabel-animated-157"
              data-shrink="false"
            >
              Strophe
            </label>
            <div
              class="MuiInput-root-163 MuiInput-formControl-164 MuiInput-inkbar-165 MuiInput-underline-169"
            >
              <input
                class="MuiInput-input-172 MuiInput-inputSingleline-175"
                name="stanza"
                type="text"
                value=""
              />
            </div>
          </div>
        </div>
        <div
          class="MuiGrid-typeItem-61 MuiGrid-grid-sm-3-100"
        >
          <div
            class="MuiFormControl-root-149 MuiFormControl-marginNormal-150 MuiFormControl-fullWidth-152"
          >
            <label
              class="MuiFormLabel-root-159 MuiInputLabel-root-153 MuiInputLabel-formControl-154 MuiInputLabel-animated-157"
              data-shrink="false"
            >
              Destinataire
            </label>
            <div
              class="MuiInput-root-163 MuiInput-formControl-164 MuiInput-inkbar-165 MuiInput-underline-169"
            >
              <input
                class="MuiInput-input-172 MuiInput-inputSingleline-175"
                name="addressee"
                type="text"
                value=""
              />
            </div>
          </div>
        </div>
        <div
          class="MuiGrid-typeItem-61 MuiGrid-grid-sm-3-100"
        >
          <div
            class="MuiFormControl-root-149 MuiFormControl-marginNormal-150 MuiFormControl-fullWidth-152"
          >
            <label
              class="MuiFormLabel-root-159 MuiInputLabel-root-153 MuiInputLabel-formControl-154 MuiInputLabel-animated-157"
              data-shrink="false"
            >
              Date
            </label>
            <div
              class="MuiInput-root-163 MuiInput-formControl-164 MuiInput-inkbar-165 MuiInput-underline-169"
            >
              <input
                class="MuiInput-input-172 MuiInput-inputSingleline-175"
                name="date"
                type="text"
                value=""
              />
            </div>
          </div>
        </div>
        <div
          class="MuiGrid-typeItem-61 MuiGrid-grid-sm-12-109"
        >
          <div
            class="MuiFormControl-root-149 MuiFormControl-marginNormal-150 MuiFormControl-fullWidth-152"
          >
            <label
              class="MuiFormLabel-root-159 MuiInputLabel-root-153 MuiInputLabel-formControl-154 MuiInputLabel-animated-157"
              data-shrink="false"
            >
              Vices
            </label>
            <div
              class="MuiInput-root-163 MuiInput-formControl-164 MuiInput-inkbar-165 MuiInput-underline-169"
            >
              <input
                class="MuiInput-input-172 MuiInput-inputSingleline-175"
                name="vices"
                type="text"
                value=""
              />
            </div>
          </div>
        </div>
      </div>
    </div>
  </div>
  <div
    class="MuiPaper-root-2 MuiPaper-shadow2-6 MuiPaper-rounded-3 EpigramEditor-card-1"
  >
    <div
      class="MuiCardContent-root-35 MuiCardHeader-root-29"
    >
      <div
        class="MuiCardHeader-content-32"
      >
        <span
          class="MuiTypography-root-36 MuiTypography-headline-41 MuiCardHeader-title-33"
        >
          Texte latin
        </span>
      </div>
    </div>
    <div
      class="MuiCardContent-root-35"
    >
      <div>
        Rich text editor mock
      </div>
    </div>
  </div>
  <div
    class="MuiPaper-root-2 MuiPaper-shadow2-6 MuiPaper-rounded-3 EpigramEditor-card-1"
  >
    <div
      class="MuiCardContent-root-35 MuiCardHeader-root-29"
    >
      <div
        class="MuiCardHeader-content-32"
      >
        <span
          class="MuiTypography-root-36 MuiTypography-headline-41 MuiCardHeader-title-33"
        >
          Texte français
        </span>
      </div>
    </div>
    <div
      class="MuiCardContent-root-35"
    >
      <div>
        Rich text editor mock
      </div>
    </div>
  </div>
  <div
    class="MuiPaper-root-2 MuiPaper-shadow2-6 MuiPaper-rounded-3 EpigramEditor-card-1"
  >
    <div
      class="MuiCardContent-root-35 MuiCardHeader-root-29"
    >
      <div
        class="MuiCardHeader-content-32"
      >
        <span
          class="MuiTypography-root-36 MuiTypography-headline-41 MuiCardHeader-title-33"
        >
          Notes
        </span>
      </div>
    </div>
    <div
      class="MuiCardContent-root-35"
    >
      <div>
        Rich text editor mock
      </div>
    </div>
  </div>
  <button
    class="MuiButtonBase-root-195 MuiButton-root-180 MuiButton-raised-187 MuiButton-raisedPrimary-189"
    role="button"
    tabindex="0"
    type="submit"
  >
    <span
      class="MuiButton-label-182"
    >
      Enregistrer
    </span>
    <span
      class="MuiTouchRipple-root-197"
    />
  </button>
</form>
`;
